2026-05-21 02:17:28,788:DEBUG:certbot._internal.main:certbot version: 2.9.0
2026-05-21 02:17:28,788:DEBUG:certbot._internal.main:Location of certbot entry point: /usr/bin/certbot
2026-05-21 02:17:28,788:DEBUG:certbot._internal.main:Arguments: ['--webroot', '-w', '/var/www/construction_page', '-d', 'www.gslb.vip', '-d', 'gslb.vip', '--non-interactive', '--agree-tos', '--email', 'info@gslb.vip', '--force-renewal']
2026-05-21 02:17:28,789:DEBUG:certbot._internal.main:Discovered plugins: PluginsRegistry(PluginEntryPoint#manual,PluginEntryPoint#nginx,PluginEntryPoint#null,PluginEntryPoint#standalone,PluginEntryPoint#webroot)
2026-05-21 02:17:28,810:DEBUG:certbot._internal.log:Root logging level set at 30
2026-05-21 02:17:28,811:DEBUG:certbot._internal.plugins.selection:Requested authenticator webroot and installer None
2026-05-21 02:17:28,812:DEBUG:certbot._internal.plugins.selection:Single candidate plugin: * webroot
Description: Saves the necessary validation files to a .well-known/acme-challenge/ directory within the nominated webroot path. A seperate HTTP server must be running and serving files from the webroot path. HTTP challenge only (wildcards not supported).
Interfaces: Authenticator, Plugin
Entry point: EntryPoint(name='webroot', value='certbot._internal.plugins.webroot:Authenticator', group='certbot.plugins')
Initialized: <certbot._internal.plugins.webroot.Authenticator object at 0x7fe05c17a3f0>
Prep: True
2026-05-21 02:17:28,812:DEBUG:certbot._internal.plugins.selection:Selected authenticator <certbot._internal.plugins.webroot.Authenticator object at 0x7fe05c17a3f0> and installer None
2026-05-21 02:17:28,813:INFO:certbot._internal.plugins.selection:Plugins selected: Authenticator webroot, Installer None
2026-05-21 02:17:28,963:DEBUG:certbot._internal.main:Picked account: <Account(RegistrationResource(body=Registration(key=None, contact=(), agreement=None, status=None, terms_of_service_agreed=None, only_return_existing=None, external_account_binding=None), uri='https://acme-v02.api.letsencrypt.org/acme/acct/3354852126', new_authzr_uri=None, terms_of_service=None), 7b8d039782ff824904c35e96484529b9, Meta(creation_dt=datetime.datetime(2026, 5, 21, 2, 14, 9, tzinfo=<UTC>), creation_host='ivm-gslb-dnygslb.internal', register_to_eff=None))>
2026-05-21 02:17:28,964:DEBUG:acme.client:Sending GET request to https://acme-v02.api.letsencrypt.org/directory.
2026-05-21 02:17:28,968:DEBUG:urllib3.connectionpool:Starting new HTTPS connection (1): acme-v02.api.letsencrypt.org:443
2026-05-21 02:17:31,259:DEBUG:urllib3.connectionpool:https://acme-v02.api.letsencrypt.org:443 "GET /directory HTTP/1.1" 200 1033
2026-05-21 02:17:31,260:DEBUG:acme.client:Received response:
HTTP 200
Server: nginx
Date: Thu, 21 May 2026 02:17:31 GMT
Content-Type: application/json
Content-Length: 1033
Connection: keep-alive
Cache-Control: public, max-age=0, no-cache
X-Frame-Options: DENY
Strict-Transport-Security: max-age=604800

{
  "UZhwdhVwp5g": "https://community.letsencrypt.org/t/adding-random-entries-to-the-directory/33417",
  "keyChange": "https://acme-v02.api.letsencrypt.org/acme/key-change",
  "meta": {
    "caaIdentities": [
      "letsencrypt.org"
    ],
    "profiles": {
      "classic": "https://letsencrypt.org/docs/profiles#classic",
      "shortlived": "https://letsencrypt.org/docs/profiles#shortlived",
      "tlsclient": "https://letsencrypt.org/docs/profiles#tlsclient",
      "tlsserver": "https://letsencrypt.org/docs/profiles#tlsserver"
    },
    "termsOfService": "https://letsencrypt.org/documents/LE-SA-v1.6-August-18-2025.pdf",
    "website": "https://letsencrypt.org"
  },
  "newAccount": "https://acme-v02.api.letsencrypt.org/acme/new-acct",
  "newNonce": "https://acme-v02.api.letsencrypt.org/acme/new-nonce",
  "newOrder": "https://acme-v02.api.letsencrypt.org/acme/new-order",
  "renewalInfo": "https://acme-v02.api.letsencrypt.org/acme/renewal-info",
  "revokeCert": "https://acme-v02.api.letsencrypt.org/acme/revoke-cert"
}
2026-05-21 02:17:31,262:DEBUG:certbot._internal.display.obj:Notifying user: Requesting a certificate for www.gslb.vip and gslb.vip
2026-05-21 02:17:31,275:DEBUG:acme.client:Requesting fresh nonce
2026-05-21 02:17:31,276:DEBUG:acme.client:Sending HEAD request to https://acme-v02.api.letsencrypt.org/acme/new-nonce.
2026-05-21 02:17:31,669:DEBUG:urllib3.connectionpool:https://acme-v02.api.letsencrypt.org:443 "HEAD /acme/new-nonce HTTP/1.1" 200 0
2026-05-21 02:17:31,670:DEBUG:acme.client:Received response:
HTTP 200
Server: nginx
Date: Thu, 21 May 2026 02:17:31 GMT
Connection: keep-alive
Cache-Control: public, max-age=0, no-cache
Link: <https://acme-v02.api.letsencrypt.org/directory>;rel="index"
Replay-Nonce: CqJAX5X9qOUT7SdnAp6XIyhACPkY8hZVBMQFI-0G-MmOCoeUhu8
X-Frame-Options: DENY
Strict-Transport-Security: max-age=604800


2026-05-21 02:17:31,670:DEBUG:acme.client:Storing nonce: CqJAX5X9qOUT7SdnAp6XIyhACPkY8hZVBMQFI-0G-MmOCoeUhu8
2026-05-21 02:17:31,671:DEBUG:acme.client:JWS payload:
b'{\n  "identifiers": [\n    {\n      "type": "dns",\n      "value": "www.gslb.vip"\n    },\n    {\n      "type": "dns",\n      "value": "gslb.vip"\n    }\n  ]\n}'
2026-05-21 02:17:31,681:DEBUG:acme.client:Sending POST request to https://acme-v02.api.letsencrypt.org/acme/new-order:
{
  "protected": "eyJhbGciOiAiUlMyNTYiLCAia2lkIjogImh0dHBzOi8vYWNtZS12MDIuYXBpLmxldHNlbmNyeXB0Lm9yZy9hY21lL2FjY3QvMzM1NDg1MjEyNiIsICJub25jZSI6ICJDcUpBWDVYOXFPVVQ3U2RuQXA2WEl5aEFDUGtZOGhaVkJNUUZJLTBHLU1tT0NvZVVodTgiLCAidXJsIjogImh0dHBzOi8vYWNtZS12MDIuYXBpLmxldHNlbmNyeXB0Lm9yZy9hY21lL25ldy1vcmRlciJ9",
  "signature": "l3z7hGdjeoFmOUcsqfvtfv-qjq1KLycxk-6HLvU6fW0bhupEi9o6H3iq0UwDsUK45qw-WmyGEPicVhDkXPt1dtb2VUxr6pzk-IP0ltXVYVJhu6pEqjrWp4PCRSsTe20pPFftsX3_a26R6VdAxODmBsfQIve4wPFgbXDo96Of2AZKDr7GUh2w-iVvwO6m3KvXDYsJMw7pKhAdysVVJrYKF2MNny_Z19BBXSuokBiMnJJRSdUJ3vlbE9D7Rt4yHNbmAAh4-CDIARDRHe8WkT1CeyHnU0Ozg-gv3lgDmgzzP1msIQ2QSgm83GoB8GAA1P4r84gqgytSJgb7TMh3jns3fw",
  "payload": "ewogICJpZGVudGlmaWVycyI6IFsKICAgIHsKICAgICAgInR5cGUiOiAiZG5zIiwKICAgICAgInZhbHVlIjogInd3dy5nc2xiLnZpcCIKICAgIH0sCiAgICB7CiAgICAgICJ0eXBlIjogImRucyIsCiAgICAgICJ2YWx1ZSI6ICJnc2xiLnZpcCIKICAgIH0KICBdCn0"
}
2026-05-21 02:17:32,122:DEBUG:urllib3.connectionpool:https://acme-v02.api.letsencrypt.org:443 "POST /acme/new-order HTTP/1.1" 201 485
2026-05-21 02:17:32,123:DEBUG:acme.client:Received response:
HTTP 201
Server: nginx
Date: Thu, 21 May 2026 02:17:31 GMT
Content-Type: application/json
Content-Length: 485
Connection: keep-alive
Boulder-Requester: 3354852126
Cache-Control: public, max-age=0, no-cache
Link: <https://acme-v02.api.letsencrypt.org/directory>;rel="index"
Location: https://acme-v02.api.letsencrypt.org/acme/order/3354852126/513094107176
Replay-Nonce: xoZfuRf-rG_X3IGDkklkRPwB_uLK6g49sNy2SE8ILXbZlZSE4lY
X-Frame-Options: DENY
Strict-Transport-Security: max-age=604800

{
  "status": "pending",
  "expires": "2026-05-28T02:17:31Z",
  "identifiers": [
    {
      "type": "dns",
      "value": "gslb.vip"
    },
    {
      "type": "dns",
      "value": "www.gslb.vip"
    }
  ],
  "authorizations": [
    "https://acme-v02.api.letsencrypt.org/acme/authz/3354852126/707860959076",
    "https://acme-v02.api.letsencrypt.org/acme/authz/3354852126/707861679646"
  ],
  "finalize": "https://acme-v02.api.letsencrypt.org/acme/finalize/3354852126/513094107176"
}
2026-05-21 02:17:32,124:DEBUG:acme.client:Storing nonce: xoZfuRf-rG_X3IGDkklkRPwB_uLK6g49sNy2SE8ILXbZlZSE4lY
2026-05-21 02:17:32,125:DEBUG:acme.client:JWS payload:
b''
2026-05-21 02:17:32,131:DEBUG:acme.client:Sending POST request to https://acme-v02.api.letsencrypt.org/acme/authz/3354852126/707860959076:
{
  "protected": "eyJhbGciOiAiUlMyNTYiLCAia2lkIjogImh0dHBzOi8vYWNtZS12MDIuYXBpLmxldHNlbmNyeXB0Lm9yZy9hY21lL2FjY3QvMzM1NDg1MjEyNiIsICJub25jZSI6ICJ4b1pmdVJmLXJHX1gzSUdEa2tsa1JQd0JfdUxLNmc0OXNOeTJTRThJTFhiWmxaU0U0bFkiLCAidXJsIjogImh0dHBzOi8vYWNtZS12MDIuYXBpLmxldHNlbmNyeXB0Lm9yZy9hY21lL2F1dGh6LzMzNTQ4NTIxMjYvNzA3ODYwOTU5MDc2In0",
  "signature": "Y7NrzMaUNkk5SlsNtb0XS87XVBGHsqomlFXFfW8kevS1upSMs5FEHJbrMYhUPFelCI_KDhEdzXblFQ2gU9XkEe3VvAWfJ6epoq6RMiFA_tKL_shQVUetTiikSkjmHtH3sKt4xXUUhwgK2eiU4rhsgGiWNjReTAEcXlJ__ipYN67ZYtKdi2dOihZrKSd3HNHSVC8fGhaX2L1JO-8xpXxtp_bHZ8ZuOV1llgAKWxlxedsQtIjklRcX0nGjFFP3fUnPLCkT_Zdhnn2inNgRScNFvQJflbN_pn-Xsg5zOERjIyLVCDS4PmwYW9DEdTJ-CP9s89sdFlLy4eyXi0TX4GTGMw",
  "payload": ""
}
2026-05-21 02:17:32,529:DEBUG:urllib3.connectionpool:https://acme-v02.api.letsencrypt.org:443 "POST /acme/authz/3354852126/707860959076 HTTP/1.1" 200 761
2026-05-21 02:17:32,530:DEBUG:acme.client:Received response:
HTTP 200
Server: nginx
Date: Thu, 21 May 2026 02:17:32 GMT
Content-Type: application/json
Content-Length: 761
Connection: keep-alive
Boulder-Requester: 3354852126
Cache-Control: public, max-age=0, no-cache
Link: <https://acme-v02.api.letsencrypt.org/directory>;rel="index"
Replay-Nonce: xoZfuRf-GgxczwT-CjmGHPbhkwFMzxPJiMykjm_Yjt8TeD6oqhs
X-Frame-Options: DENY
Strict-Transport-Security: max-age=604800

{
  "identifier": {
    "type": "dns",
    "value": "www.gslb.vip"
  },
  "status": "valid",
  "expires": "2026-06-20T02:15:44Z",
  "challenges": [
    {
      "type": "http-01",
      "url": "https://acme-v02.api.letsencrypt.org/acme/chall/3354852126/707860959076/CtzVxg",
      "status": "valid",
      "validated": "2026-05-21T02:15:41Z",
      "token": "BZ10VDzsQ1YyMsZNZ18K7DcqvCcx7vKPSJ8eneg9aMc",
      "validationRecord": [
        {
          "url": "http://www.gslb.vip/.well-known/acme-challenge/BZ10VDzsQ1YyMsZNZ18K7DcqvCcx7vKPSJ8eneg9aMc",
          "hostname": "www.gslb.vip",
          "port": "80",
          "addressesResolved": [
            "219.83.160.117"
          ],
          "addressUsed": "219.83.160.117"
        }
      ]
    }
  ]
}
2026-05-21 02:17:32,531:DEBUG:acme.client:Storing nonce: xoZfuRf-GgxczwT-CjmGHPbhkwFMzxPJiMykjm_Yjt8TeD6oqhs
2026-05-21 02:17:32,531:DEBUG:acme.client:JWS payload:
b''
2026-05-21 02:17:32,536:DEBUG:acme.client:Sending POST request to https://acme-v02.api.letsencrypt.org/acme/authz/3354852126/707861679646:
{
  "protected": "eyJhbGciOiAiUlMyNTYiLCAia2lkIjogImh0dHBzOi8vYWNtZS12MDIuYXBpLmxldHNlbmNyeXB0Lm9yZy9hY21lL2FjY3QvMzM1NDg1MjEyNiIsICJub25jZSI6ICJ4b1pmdVJmLUdneGN6d1QtQ2ptR0hQYmhrd0ZNenhQSmlNeWtqbV9ZanQ4VGVENm9xaHMiLCAidXJsIjogImh0dHBzOi8vYWNtZS12MDIuYXBpLmxldHNlbmNyeXB0Lm9yZy9hY21lL2F1dGh6LzMzNTQ4NTIxMjYvNzA3ODYxNjc5NjQ2In0",
  "signature": "B25J0_doiLJ1iRlkd_rbizKA-iCz1v_dMW4fT1-TdheE2oBD2Iu4xf4PtYJmOLFNyyjZsBmmOShzpx_V_WbhgF9XXkj5XlUao4l3NHByyD2-H5sZ4W8-F_Va0-BE-RSTVp1bSBHtlcplfcR-Qi-Z7RCsqVDw8tzJcE0Z5uh0qSrg4jX9vQxdTHW_oF-xmYakpcLL6Cab8Qz26-vtY3ZMrN8-lA4NE9Yoo7pTmRShxdqnrWILoyib8vMdEk5bN82Z0sTV6ChgPJFmCmt4wRnnChI1ItySqmd5xxcUbjvTHByjHusfW1dapRd9wUS3-tlbUVewtZFl3_TVIpnvG_Tz1g",
  "payload": ""
}
2026-05-21 02:17:32,932:DEBUG:urllib3.connectionpool:https://acme-v02.api.letsencrypt.org:443 "POST /acme/authz/3354852126/707861679646 HTTP/1.1" 200 816
2026-05-21 02:17:32,934:DEBUG:acme.client:Received response:
HTTP 200
Server: nginx
Date: Thu, 21 May 2026 02:17:32 GMT
Content-Type: application/json
Content-Length: 816
Connection: keep-alive
Boulder-Requester: 3354852126
Cache-Control: public, max-age=0, no-cache
Link: <https://acme-v02.api.letsencrypt.org/directory>;rel="index"
Replay-Nonce: xoZfuRf-TMa5gr2fvNwAb-72P9aolNP90vvvKvVQKZDwr9VRVtU
X-Frame-Options: DENY
Strict-Transport-Security: max-age=604800

{
  "identifier": {
    "type": "dns",
    "value": "gslb.vip"
  },
  "status": "pending",
  "expires": "2026-05-28T02:17:31Z",
  "challenges": [
    {
      "type": "dns-01",
      "url": "https://acme-v02.api.letsencrypt.org/acme/chall/3354852126/707861679646/hL11vA",
      "status": "pending",
      "token": "1CS3odnCOsNm0HvqcJWfM7zOpDtxra6MA8o-Nmcyuvw"
    },
    {
      "type": "http-01",
      "url": "https://acme-v02.api.letsencrypt.org/acme/chall/3354852126/707861679646/Zg7KwQ",
      "status": "pending",
      "token": "1CS3odnCOsNm0HvqcJWfM7zOpDtxra6MA8o-Nmcyuvw"
    },
    {
      "type": "tls-alpn-01",
      "url": "https://acme-v02.api.letsencrypt.org/acme/chall/3354852126/707861679646/67tYeQ",
      "status": "pending",
      "token": "1CS3odnCOsNm0HvqcJWfM7zOpDtxra6MA8o-Nmcyuvw"
    }
  ]
}
2026-05-21 02:17:32,934:DEBUG:acme.client:Storing nonce: xoZfuRf-TMa5gr2fvNwAb-72P9aolNP90vvvKvVQKZDwr9VRVtU
2026-05-21 02:17:32,935:INFO:certbot._internal.auth_handler:Performing the following challenges:
2026-05-21 02:17:32,936:INFO:certbot._internal.auth_handler:http-01 challenge for gslb.vip
2026-05-21 02:17:32,936:INFO:certbot._internal.plugins.webroot:Using the webroot path /var/www/construction_page for all unmatched domains.
2026-05-21 02:17:32,937:DEBUG:certbot._internal.plugins.webroot:Creating root challenges validation dir at /var/www/construction_page/.well-known/acme-challenge
2026-05-21 02:17:32,939:DEBUG:certbot._internal.plugins.webroot:Attempting to save validation to /var/www/construction_page/.well-known/acme-challenge/1CS3odnCOsNm0HvqcJWfM7zOpDtxra6MA8o-Nmcyuvw
2026-05-21 02:17:32,940:DEBUG:acme.client:JWS payload:
b'{}'
2026-05-21 02:17:32,945:DEBUG:acme.client:Sending POST request to https://acme-v02.api.letsencrypt.org/acme/chall/3354852126/707861679646/Zg7KwQ:
{
  "protected": "eyJhbGciOiAiUlMyNTYiLCAia2lkIjogImh0dHBzOi8vYWNtZS12MDIuYXBpLmxldHNlbmNyeXB0Lm9yZy9hY21lL2FjY3QvMzM1NDg1MjEyNiIsICJub25jZSI6ICJ4b1pmdVJmLVRNYTVncjJmdk53QWItNzJQOWFvbE5QOTB2dnZLdlZRS1pEd3I5VlJWdFUiLCAidXJsIjogImh0dHBzOi8vYWNtZS12MDIuYXBpLmxldHNlbmNyeXB0Lm9yZy9hY21lL2NoYWxsLzMzNTQ4NTIxMjYvNzA3ODYxNjc5NjQ2L1pnN0t3USJ9",
  "signature": "ezCs6JGEJ_R6c7FttfXFdZp3EkZ3j6NBHJ3pomg3XakN1AKxYZhxUSGbPwc1Aavcq2stsKaUil5Fu1zXslKTp2ZYKmAms4pbV_O37lKMhSa_6Y0GvGJ3IesD-n7s5p2Hy4WzSO1IhOIvO-XDyNfmzhnMqbp7CHzgWVvG7oZ7Lq-DDGXRjyvV2h4G_9mGDNwj11JKt8kHvuNNMBXWcTSYu8BE3Gii_TwN-S7nb-Ea-CEprGq5FUVNmtIde817tnG7BG6vJAe6UX3P9uU1DEqnRblPt7UVA-vh7VUzxcmEBw52jdWWzTDlVI3nSDrCyr6XuvuTiXOurhsGql3_jgqoMg",
  "payload": "e30"
}
2026-05-21 02:17:33,343:DEBUG:urllib3.connectionpool:https://acme-v02.api.letsencrypt.org:443 "POST /acme/chall/3354852126/707861679646/Zg7KwQ HTTP/1.1" 200 195
2026-05-21 02:17:33,344:DEBUG:acme.client:Received response:
HTTP 200
Server: nginx
Date: Thu, 21 May 2026 02:17:33 GMT
Content-Type: application/json
Content-Length: 195
Connection: keep-alive
Boulder-Requester: 3354852126
Cache-Control: public, max-age=0, no-cache
Link: <https://acme-v02.api.letsencrypt.org/directory>;rel="index", <https://acme-v02.api.letsencrypt.org/acme/authz/3354852126/707861679646>;rel="up"
Location: https://acme-v02.api.letsencrypt.org/acme/chall/3354852126/707861679646/Zg7KwQ
Replay-Nonce: xoZfuRf-AmURJNMhLsPErhxq8_QVEb0qFyDYSM6rifiPC_w84gQ
X-Frame-Options: DENY
Strict-Transport-Security: max-age=604800

{
  "type": "http-01",
  "url": "https://acme-v02.api.letsencrypt.org/acme/chall/3354852126/707861679646/Zg7KwQ",
  "status": "pending",
  "token": "1CS3odnCOsNm0HvqcJWfM7zOpDtxra6MA8o-Nmcyuvw"
}
2026-05-21 02:17:33,345:DEBUG:acme.client:Storing nonce: xoZfuRf-AmURJNMhLsPErhxq8_QVEb0qFyDYSM6rifiPC_w84gQ
2026-05-21 02:17:33,345:INFO:certbot._internal.auth_handler:Waiting for verification...
2026-05-21 02:17:34,346:DEBUG:acme.client:JWS payload:
b''
2026-05-21 02:17:34,352:DEBUG:acme.client:Sending POST request to https://acme-v02.api.letsencrypt.org/acme/authz/3354852126/707860959076:
{
  "protected": "eyJhbGciOiAiUlMyNTYiLCAia2lkIjogImh0dHBzOi8vYWNtZS12MDIuYXBpLmxldHNlbmNyeXB0Lm9yZy9hY21lL2FjY3QvMzM1NDg1MjEyNiIsICJub25jZSI6ICJ4b1pmdVJmLUFtVVJKTk1oTHNQRXJoeHE4X1FWRWIwcUZ5RFlTTTZyaWZpUENfdzg0Z1EiLCAidXJsIjogImh0dHBzOi8vYWNtZS12MDIuYXBpLmxldHNlbmNyeXB0Lm9yZy9hY21lL2F1dGh6LzMzNTQ4NTIxMjYvNzA3ODYwOTU5MDc2In0",
  "signature": "Jg2EmhuJAnh6J4Z8E5kSit6vWSc0QQZ3GUQrNSrytS6si4XIth2l0nr8UQ9RvBs1ztAQQFXq97ea6ukoHPogvn-uMZkWBTYGHlvDwGWxno0LABooFFXhY95szSF8fwZQ2_Evb8ecEagpByL8T41ltLN3yE1Bnrg34at8UAYghSs0TVgph6VimBkDpcQcDljhmLjOyNmbIZNMh4jQK8wSTmbyB4JFCRdlIaodCHWyYBIgRD3Fku9v4rNJIpq4VAZapsSxELv-W698pLtNLTKOBhMfjJ_IK0ugnLHYdCNwFB9_w7saa4UATN50QPDKlB2BeuXxRkkL7cb2Qe_UX9iQmA",
  "payload": ""
}
2026-05-21 02:17:35,330:DEBUG:urllib3.connectionpool:https://acme-v02.api.letsencrypt.org:443 "POST /acme/authz/3354852126/707860959076 HTTP/1.1" 200 761
2026-05-21 02:17:35,331:DEBUG:acme.client:Received response:
HTTP 200
Server: nginx
Date: Thu, 21 May 2026 02:17:34 GMT
Content-Type: application/json
Content-Length: 761
Connection: keep-alive
Boulder-Requester: 3354852126
Cache-Control: public, max-age=0, no-cache
Link: <https://acme-v02.api.letsencrypt.org/directory>;rel="index"
Replay-Nonce: CqJAX5X9Dsj9j31UQ62hgFAayGjYWoOnFn7fH8jmMX1foDdPquI
X-Frame-Options: DENY
Strict-Transport-Security: max-age=604800

{
  "identifier": {
    "type": "dns",
    "value": "www.gslb.vip"
  },
  "status": "valid",
  "expires": "2026-06-20T02:15:44Z",
  "challenges": [
    {
      "type": "http-01",
      "url": "https://acme-v02.api.letsencrypt.org/acme/chall/3354852126/707860959076/CtzVxg",
      "status": "valid",
      "validated": "2026-05-21T02:15:41Z",
      "token": "BZ10VDzsQ1YyMsZNZ18K7DcqvCcx7vKPSJ8eneg9aMc",
      "validationRecord": [
        {
          "url": "http://www.gslb.vip/.well-known/acme-challenge/BZ10VDzsQ1YyMsZNZ18K7DcqvCcx7vKPSJ8eneg9aMc",
          "hostname": "www.gslb.vip",
          "port": "80",
          "addressesResolved": [
            "219.83.160.117"
          ],
          "addressUsed": "219.83.160.117"
        }
      ]
    }
  ]
}
2026-05-21 02:17:35,332:DEBUG:acme.client:Storing nonce: CqJAX5X9Dsj9j31UQ62hgFAayGjYWoOnFn7fH8jmMX1foDdPquI
2026-05-21 02:17:35,333:DEBUG:acme.client:JWS payload:
b''
2026-05-21 02:17:35,337:DEBUG:acme.client:Sending POST request to https://acme-v02.api.letsencrypt.org/acme/authz/3354852126/707861679646:
{
  "protected": "eyJhbGciOiAiUlMyNTYiLCAia2lkIjogImh0dHBzOi8vYWNtZS12MDIuYXBpLmxldHNlbmNyeXB0Lm9yZy9hY21lL2FjY3QvMzM1NDg1MjEyNiIsICJub25jZSI6ICJDcUpBWDVYOURzajlqMzFVUTYyaGdGQWF5R2pZV29PbkZuN2ZIOGptTVgxZm9EZFBxdUkiLCAidXJsIjogImh0dHBzOi8vYWNtZS12MDIuYXBpLmxldHNlbmNyeXB0Lm9yZy9hY21lL2F1dGh6LzMzNTQ4NTIxMjYvNzA3ODYxNjc5NjQ2In0",
  "signature": "GZuIbO1Z6Ew1HiJpzzAIpyTErdLAMRky0l7ln3wnhoq9C657uMFG44xZUdHQg6v7cULRfMRYi70EO63YuDhIJc4nqAFtH4v_M6TpcwUQrFykwRBGSFAbSAEizNUjR-zGQkJdQZUOWqCJiAvGWcWbuBptioxT4O9VMmJqNbKw-4a1Q3xNcgm03WpQT4sWHiHTZ78xmf2quPel8yv_VL-5h09XJl-wjIXSGMjFJhNYDHl_qITIjylkQWsANW9QUi8qFvlcS7Sl7pUZb232kyn_vQ6WLObIAOVcXeAZ5Scr2rO6dzIq5vCtdU7jKXPJZkWC9bwm8RKLpDLv9035yuczjw",
  "payload": ""
}
2026-05-21 02:17:35,733:DEBUG:urllib3.connectionpool:https://acme-v02.api.letsencrypt.org:443 "POST /acme/authz/3354852126/707861679646 HTTP/1.1" 200 613
2026-05-21 02:17:35,734:DEBUG:acme.client:Received response:
HTTP 200
Server: nginx
Date: Thu, 21 May 2026 02:17:35 GMT
Content-Type: application/json
Content-Length: 613
Connection: keep-alive
Boulder-Requester: 3354852126
Cache-Control: public, max-age=0, no-cache
Link: <https://acme-v02.api.letsencrypt.org/directory>;rel="index"
Replay-Nonce: CqJAX5X9TWLuUjfdIACpPN3Gx5fiROHHx3a8dk1F4PHsD1hpSbY
X-Frame-Options: DENY
Strict-Transport-Security: max-age=604800

{
  "identifier": {
    "type": "dns",
    "value": "gslb.vip"
  },
  "status": "invalid",
  "expires": "2026-05-28T02:17:31Z",
  "challenges": [
    {
      "type": "http-01",
      "url": "https://acme-v02.api.letsencrypt.org/acme/chall/3354852126/707861679646/Zg7KwQ",
      "status": "invalid",
      "validated": "2026-05-21T02:17:33Z",
      "error": {
        "type": "urn:ietf:params:acme:error:dns",
        "detail": "no valid A records found for gslb.vip; no valid AAAA records found for gslb.vip",
        "status": 400
      },
      "token": "1CS3odnCOsNm0HvqcJWfM7zOpDtxra6MA8o-Nmcyuvw"
    }
  ]
}
2026-05-21 02:17:35,735:DEBUG:acme.client:Storing nonce: CqJAX5X9TWLuUjfdIACpPN3Gx5fiROHHx3a8dk1F4PHsD1hpSbY
2026-05-21 02:17:35,735:INFO:certbot._internal.auth_handler:Challenge failed for domain gslb.vip
2026-05-21 02:17:35,736:INFO:certbot._internal.auth_handler:http-01 challenge for gslb.vip
2026-05-21 02:17:35,736:DEBUG:certbot._internal.display.obj:Notifying user: 
Certbot failed to authenticate some domains (authenticator: webroot). The Certificate Authority reported these problems:
  Domain: gslb.vip
  Type:   dns
  Detail: no valid A records found for gslb.vip; no valid AAAA records found for gslb.vip

Hint: The Certificate Authority failed to download the temporary challenge files created by Certbot. Ensure that the listed domains serve their content from the provided --webroot-path/-w and that files created there can be downloaded from the internet.

2026-05-21 02:17:35,738:DEBUG:certbot._internal.error_handler:Encountered exception:
Traceback (most recent call last):
  File "/usr/lib/python3/dist-packages/certbot/_internal/auth_handler.py", line 108, in handle_authorizations
    self._poll_authorizations(authzrs, max_retries, max_time_mins, best_effort)
  File "/usr/lib/python3/dist-packages/certbot/_internal/auth_handler.py", line 212, in _poll_authorizations
    raise errors.AuthorizationError('Some challenges have failed.')
certbot.errors.AuthorizationError: Some challenges have failed.

2026-05-21 02:17:35,738:DEBUG:certbot._internal.error_handler:Calling registered functions
2026-05-21 02:17:35,739:INFO:certbot._internal.auth_handler:Cleaning up challenges
2026-05-21 02:17:35,739:DEBUG:certbot._internal.plugins.webroot:Removing /var/www/construction_page/.well-known/acme-challenge/1CS3odnCOsNm0HvqcJWfM7zOpDtxra6MA8o-Nmcyuvw
2026-05-21 02:17:35,740:DEBUG:certbot._internal.plugins.webroot:All challenges cleaned up
2026-05-21 02:17:35,740:DEBUG:certbot._internal.log:Exiting abnormally:
Traceback (most recent call last):
  File "/usr/bin/certbot", line 33, in <module>
    sys.exit(load_entry_point('certbot==2.9.0', 'console_scripts', 'certbot')())
             ^^^^^^^^^^^^^^^^^^^^^^^^^^^^^^^^^^^^^^^^^^^^^^^^^^^^^^^^^^^^^^^^^^
  File "/usr/lib/python3/dist-packages/certbot/main.py", line 19, in main
    return internal_main.main(cli_args)
           ^^^^^^^^^^^^^^^^^^^^^^^^^^^^
  File "/usr/lib/python3/dist-packages/certbot/_internal/main.py", line 1894, in main
    return config.func(config, plugins)
           ^^^^^^^^^^^^^^^^^^^^^^^^^^^^
  File "/usr/lib/python3/dist-packages/certbot/_internal/main.py", line 1600, in certonly
    lineage = _get_and_save_cert(le_client, config, domains, certname, lineage)
              ^^^^^^^^^^^^^^^^^^^^^^^^^^^^^^^^^^^^^^^^^^^^^^^^^^^^^^^^^^^^^^^^^
  File "/usr/lib/python3/dist-packages/certbot/_internal/main.py", line 143, in _get_and_save_cert
    lineage = le_client.obtain_and_enroll_certificate(domains, certname)
              ^^^^^^^^^^^^^^^^^^^^^^^^^^^^^^^^^^^^^^^^^^^^^^^^^^^^^^^^^^
  File "/usr/lib/python3/dist-packages/certbot/_internal/client.py", line 517, in obtain_and_enroll_certificate
    cert, chain, key, _ = self.obtain_certificate(domains)
                          ^^^^^^^^^^^^^^^^^^^^^^^^^^^^^^^^
  File "/usr/lib/python3/dist-packages/certbot/_internal/client.py", line 428, in obtain_certificate
    orderr = self._get_order_and_authorizations(csr.data, self.config.allow_subset_of_names)
             ^^^^^^^^^^^^^^^^^^^^^^^^^^^^^^^^^^^^^^^^^^^^^^^^^^^^^^^^^^^^^^^^^^^^^^^^^^^^^^^
  File "/usr/lib/python3/dist-packages/certbot/_internal/client.py", line 496, in _get_order_and_authorizations
    authzr = self.auth_handler.handle_authorizations(orderr, self.config, best_effort)
             ^^^^^^^^^^^^^^^^^^^^^^^^^^^^^^^^^^^^^^^^^^^^^^^^^^^^^^^^^^^^^^^^^^^^^^^^^
  File "/usr/lib/python3/dist-packages/certbot/_internal/auth_handler.py", line 108, in handle_authorizations
    self._poll_authorizations(authzrs, max_retries, max_time_mins, best_effort)
  File "/usr/lib/python3/dist-packages/certbot/_internal/auth_handler.py", line 212, in _poll_authorizations
    raise errors.AuthorizationError('Some challenges have failed.')
certbot.errors.AuthorizationError: Some challenges have failed.
2026-05-21 02:17:35,745:ERROR:certbot._internal.log:Some challenges have failed.